// Vitest Snapshot v1, https://vitest.dev/guide/snapshot.html

exports[`formatNumber function > should format number in de-DE locale correctly 1`] = `"123.456,78"`;
